    Updating crates.io index
